Archive Project report for picwriter
Fri Nov 17 12:02:49 2023
Quartus II 64-Bit Version 13.1.0 Build 162 10/23/2013 SJ Web Edition


---------------------
; Table of Contents ;
---------------------
  1. Legal Notice
  2. Archive Project Summary
  3. Archive Project Messages
  4. Files Archived



----------------
; Legal Notice ;
----------------
Copyright (C) 1991-2013 Altera Corporation
Your use of Altera Corporation's design tools, logic functions 
and other software and tools, and its AMPP partner logic 
functions, and any output files from any of the foregoing 
(including device programming or simulation files), and any 
associated documentation or information are expressly subject 
to the terms and conditions of the Altera Program License 
Subscription Agreement, Altera MegaCore Function License 
Agreement, or other applicable license agreement, including, 
without limitation, that your use is for the sole purpose of 
programming logic devices manufactured by Altera and sold by 
Altera or its authorized distributors.  Please refer to the 
applicable agreement for further details.



+----------------------------------------------------------------+
; Archive Project Summary                                        ;
+------------------------+---------------------------------------+
; Archive Project Status ; Successful - Fri Nov 17 12:02:49 2023 ;
; Revision Name          ; picwriter                             ;
; Top-level Entity Name  ; top                                   ;
; Family                 ; Cyclone III                           ;
+------------------------+---------------------------------------+


+--------------------------+
; Archive Project Messages ;
+--------------------------+
Info: File Set 'Source control' contains:
    Info: Project source and settings files
    Info: Automatically detected source files
Critical Warning (138067): Current license file does not support incremental compilation. The Quartus II software removes all the user-specified design partitions in the design automatically.
Info: ----------------------------------------------------------
Info: ----------------------------------------------------------
Info: Generated archive 'D:/coding/hdl/PIC/prj/picwriter.qar'
Info: ----------------------------------------------------------
Info: ----------------------------------------------------------
Info: Generated report 'picwriter.archive.rpt'
Info (23030): Evaluation of Tcl script c:/altera/13.1/quartus/common/tcl/apps/qpm/qar.tcl was successful
Info: Quartus II 64-Bit Shell was successful. 0 errors, 1 warning
    Info: Peak virtual memory: 4491 megabytes
    Info: Processing ended: Fri Nov 17 12:02:49 2023
    Info: Elapsed time: 00:00:09
    Info: Total CPU time (on all processors): 00:00:02


+------------------------------------------------------+
; Files Archived                                       ;
+------------------------------------------------------+
; File Name                                            ;
+------------------------------------------------------+
; ../src/top.v                                         ;
; ../src/vhd/uart.vhd                                  ;
; c:/altera/13.1/quartus/bin64/assignment_defaults.qdf ;
; D:/coding/hdl/PIC/docs/arquivo.hex                   ;
; D:/coding/hdl/PIC/src/top.v                          ;
; D:/coding/hdl/PIC/src/vhd/uart.vhd                   ;
; db/picwriter.cmp.hdb                                 ;
; db/picwriter.db_info                                 ;
; db/stp1_auto_stripped.stp                            ;
; incremental_db/compiled_partitions/picwriter.db_info ;
; picwriter.qpf                                        ;
; picwriter.qsf                                        ;
; stp1.stp                                             ;
+------------------------------------------------------+


